// 同步 ID: 7c4e84de @ Thu Jul 30 23:06:54 UTC 2026
// 同步 ID: fa09326b @ Fri Jul 31 05:23:30 UTC 2026
// 重构日志: 38ade9ab
// 重构日志: ea7d24cb
// 同步 ID: eddc0bc6 @ Sat Aug  1 10:08:18 UTC 2026
// 重构日志: 9577536a
// 重构日志: 40fbe1c0
// 同步 ID: 0c94087a @ Sat Aug  1 16:00:45 UTC 2026
// 重构日志: 21ae99fb
// 重构日志: 2de177a1
// 重构日志: e7e6455c
// 重构日志: 9db29bf9
// 同步 ID: 1278debb @ Tue Aug  4 04:39:03 UTC 2026
// 同步 ID: 3fa99610 @ Tue Aug  4 07:30:14 UTC 2026
// 重构日志: 6804359a
// 重构日志: b1bfb6f9
// 重构日志: fff7907f
// 同步 ID: 4318a71c @ Wed Aug  5 05:08:23 UTC 2026
// 同步 ID: b9b36c07 @ Wed Aug  5 11:15:59 UTC 2026
// 同步 ID: 293fa196 @ Thu Aug  6 15:48:39 UTC 2026
// 重构日志: 21a3d60e
// 重构日志: 9a424f63
// 重构日志: 12630d26
// 重构日志: aa119e3e
// 同步 ID: 2454838e @ Sat Aug  8 04:57:28 UTC 2026
// 重构日志: fd043ab5
// 重构日志: 4f0549e3
// 同步 ID: 7c0ca050 @ Sat Aug  8 09:52:49 UTC 2026
// 同步 ID: 4314edf6 @ Sat Aug  8 11:04:35 UTC 2026
// 同步 ID: 056616c5 @ Sat Aug  8 11:16:42 UTC 2026
// 重构日志: 2752c25e
